[
    {
        "EOL": "EOL", 
        "name": "Link\u00f6ping University", 
        "id": "1"
    }, 
    {
        "EOL": "EOL", 
        "name": "UMBC", 
        "id": "2"
    }
]